Archive member included to satisfy reference by file (symbol)

c:/microsemi/softconsole_v6.2/riscv-unknown-elf-gcc/bin/../lib/gcc/riscv64-unknown-elf/8.2.0/../../../../riscv64-unknown-elf/lib/rv32im/ilp32\libc.a(lib_a-malloc.o)
                              ./spi_test_files/spi_test_prog.o (malloc)
c:/microsemi/softconsole_v6.2/riscv-unknown-elf-gcc/bin/../lib/gcc/riscv64-unknown-elf/8.2.0/../../../../riscv64-unknown-elf/lib/rv32im/ilp32\libc.a(lib_a-mallocr.o)
                              c:/microsemi/softconsole_v6.2/riscv-unknown-elf-gcc/bin/../lib/gcc/riscv64-unknown-elf/8.2.0/../../../../riscv64-unknown-elf/lib/rv32im/ilp32\libc.a(lib_a-malloc.o) (_malloc_r)
c:/microsemi/softconsole_v6.2/riscv-unknown-elf-gcc/bin/../lib/gcc/riscv64-unknown-elf/8.2.0/../../../../riscv64-unknown-elf/lib/rv32im/ilp32\libc.a(lib_a-memset.o)
                              ./drivers/CoreSPI/core_spi.o (memset)
c:/microsemi/softconsole_v6.2/riscv-unknown-elf-gcc/bin/../lib/gcc/riscv64-unknown-elf/8.2.0/../../../../riscv64-unknown-elf/lib/rv32im/ilp32\libc.a(lib_a-mlock.o)
                              c:/microsemi/softconsole_v6.2/riscv-unknown-elf-gcc/bin/../lib/gcc/riscv64-unknown-elf/8.2.0/../../../../riscv64-unknown-elf/lib/rv32im/ilp32\libc.a(lib_a-mallocr.o) (__malloc_lock)
c:/microsemi/softconsole_v6.2/riscv-unknown-elf-gcc/bin/../lib/gcc/riscv64-unknown-elf/8.2.0/../../../../riscv64-unknown-elf/lib/rv32im/ilp32\libc.a(lib_a-sbrkr.o)
                              c:/microsemi/softconsole_v6.2/riscv-unknown-elf-gcc/bin/../lib/gcc/riscv64-unknown-elf/8.2.0/../../../../riscv64-unknown-elf/lib/rv32im/ilp32\libc.a(lib_a-mallocr.o) (_sbrk_r)
c:/microsemi/softconsole_v6.2/riscv-unknown-elf-gcc/bin/../lib/gcc/riscv64-unknown-elf/8.2.0/../../../../riscv64-unknown-elf/lib/rv32im/ilp32\libc.a(lib_a-sysisatty.o)
                              ./riscv_hal/syscall.o (isatty)
c:/microsemi/softconsole_v6.2/riscv-unknown-elf-gcc/bin/../lib/gcc/riscv64-unknown-elf/8.2.0/../../../../riscv64-unknown-elf/lib/rv32im/ilp32\libc.a(lib_a-syswrite.o)
                              ./riscv_hal/syscall.o (write)
c:/microsemi/softconsole_v6.2/riscv-unknown-elf-gcc/bin/../lib/gcc/riscv64-unknown-elf/8.2.0/../../../../riscv64-unknown-elf/lib/rv32im/ilp32\libc.a(lib_a-writer.o)
                              c:/microsemi/softconsole_v6.2/riscv-unknown-elf-gcc/bin/../lib/gcc/riscv64-unknown-elf/8.2.0/../../../../riscv64-unknown-elf/lib/rv32im/ilp32\libc.a(lib_a-syswrite.o) (_write_r)
c:/microsemi/softconsole_v6.2/riscv-unknown-elf-gcc/bin/../lib/gcc/riscv64-unknown-elf/8.2.0/../../../../riscv64-unknown-elf/lib/rv32im/ilp32\libc.a(lib_a-freer.o)
                              c:/microsemi/softconsole_v6.2/riscv-unknown-elf-gcc/bin/../lib/gcc/riscv64-unknown-elf/8.2.0/../../../../riscv64-unknown-elf/lib/rv32im/ilp32\libc.a(lib_a-malloc.o) (_free_r)
c:/microsemi/softconsole_v6.2/riscv-unknown-elf-gcc/bin/../lib/gcc/riscv64-unknown-elf/8.2.0/../../../../riscv64-unknown-elf/lib/rv32im/ilp32\libc.a(lib_a-impure.o)
                              c:/microsemi/softconsole_v6.2/riscv-unknown-elf-gcc/bin/../lib/gcc/riscv64-unknown-elf/8.2.0/../../../../riscv64-unknown-elf/lib/rv32im/ilp32\libc.a(lib_a-malloc.o) (_impure_ptr)
c:/microsemi/softconsole_v6.2/riscv-unknown-elf-gcc/bin/../lib/gcc/riscv64-unknown-elf/8.2.0/../../../../riscv64-unknown-elf/lib/rv32im/ilp32\libc.a(lib_a-lock.o)
                              c:/microsemi/softconsole_v6.2/riscv-unknown-elf-gcc/bin/../lib/gcc/riscv64-unknown-elf/8.2.0/../../../../riscv64-unknown-elf/lib/rv32im/ilp32\libc.a(lib_a-mlock.o) (__retarget_lock_acquire_recursive)
c:/microsemi/softconsole_v6.2/riscv-unknown-elf-gcc/bin/../lib/gcc/riscv64-unknown-elf/8.2.0/../../../../riscv64-unknown-elf/lib/rv32im/ilp32\libgloss.a(nanosleep.o)
                              ./lcd_test_files/lcd_test.o (nanosleep)

Allocating common symbols
Common symbol       size              file

selected_dev        0x4               ./spi_test_files/spi_test_prog.o
g_gpio              0x8               ./main.o
__lock___atexit_recursive_mutex
                    0x1               c:/microsemi/softconsole_v6.2/riscv-unknown-elf-gcc/bin/../lib/gcc/riscv64-unknown-elf/8.2.0/../../../../riscv64-unknown-elf/lib/rv32im/ilp32\libc.a(lib_a-lock.o)
__lock___arc4random_mutex
                    0x1               c:/microsemi/softconsole_v6.2/riscv-unknown-elf-gcc/bin/../lib/gcc/riscv64-unknown-elf/8.2.0/../../../../riscv64-unknown-elf/lib/rv32im/ilp32\libc.a(lib_a-lock.o)
errno               0x4               ./riscv_hal/syscall.o
g_uart              0x8               ./main.o
quit_spi_test       0x1               ./spi_test_files/spi_test_prog.o
g_core_i2c          0x6c              ./i2c_test_files/i2c_test_routine.o
__lock___env_recursive_mutex
                    0x1               c:/microsemi/softconsole_v6.2/riscv-unknown-elf-gcc/bin/../lib/gcc/riscv64-unknown-elf/8.2.0/../../../../riscv64-unknown-elf/lib/rv32im/ilp32\libc.a(lib_a-lock.o)
[...]
Memory Configuration

Name             Origin             Length             Attributes
ram              0x0000000080000000 0x0000000000010000 xrw
*default*        0x0000000000000000 0xffffffffffffffff

Linker script and memory map

LOAD ./user_handler_files/user_handler.o
LOAD ./uart_test_files/uart_test_routine.o
LOAD ./spi_test_files/spi_test_prog.o
LOAD ./riscv_hal/entry.o
LOAD ./riscv_hal/init.o
LOAD ./riscv_hal/riscv_hal.o
LOAD ./riscv_hal/riscv_hal_stubs.o
LOAD ./riscv_hal/syscall.o
LOAD ./lcd_test_files/lcd_test.o
LOAD ./i2c_test_files/i2c_test_routine.o
LOAD ./hal/hal_irq.o
LOAD ./hal/hw_reg_access.o
LOAD ./drivers/CoreUARTapb/core_uart_apb.o
LOAD ./drivers/CoreTimer/core_timer.o
LOAD ./drivers/CoreSPI/core_spi.o
LOAD ./drivers/CoreI2C/core_i2c.o
LOAD ./drivers/CoreI2C/i2c_interrupt.o
LOAD ./drivers/CoreGPIO/core_gpio.o
LOAD ./GPIO_test_files/gpio_test_routine.o
LOAD ./main.o
LOAD c:/microsemi/softconsole_v6.2/riscv-unknown-elf-gcc/bin/../lib/gcc/riscv64-unknown-elf/8.2.0/rv32im/ilp32\libgcc.a
START GROUP
LOAD c:/microsemi/softconsole_v6.2/riscv-unknown-elf-gcc/bin/../lib/gcc/riscv64-unknown-elf/8.2.0/../../../../riscv64-unknown-elf/lib/rv32im/ilp32\libc.a
LOAD c:/microsemi/softconsole_v6.2/riscv-unknown-elf-gcc/bin/../lib/gcc/riscv64-unknown-elf/8.2.0/../../../../riscv64-unknown-elf/lib/rv32im/ilp32\libgloss.a
END GROUP
LOAD c:/microsemi/softconsole_v6.2/riscv-unknown-elf-gcc/bin/../lib/gcc/riscv64-unknown-elf/8.2.0/rv32im/ilp32\libgcc.a
                0x0000000080000000                RAM_START_ADDRESS = 0x80000000
                0x0000000000010000                RAM_SIZE = 0x10000
                0x0000000000000800                STACK_SIZE = 0x800
                0x0000000000000800                HEAP_SIZE = 0x800

.text           0x0000000080000000     0xa230
 *(SORT_NONE(.text.entry))
 .text.entry    0x0000000080000000      0x160 ./riscv_hal/entry.o
                0x0000000080000000                _start
                0x0000000080000160                . = ALIGN (0x10)
 *(.text .text.* .gnu.linkonce.t.*)
 .text.user_handler_unit_test_handler
                0x0000000080000160       0xd8 ./user_handler_files/user_handler.o
                0x0000000080000160                user_handler_unit_test_handler
 .text.user_handler_invalid_command
                0x0000000080000238       0x34 ./user_handler_files/user_handler.o
                0x0000000080000238                user_handler_invalid_command
 .text.user_handler_display_instructions
                0x000000008000026c       0x94 ./user_handler_files/user_handler.o
                0x000000008000026c                user_handler_display_instructions
 .text.user_handler_test_yes_no
                0x0000000080000300       0x64 ./user_handler_files/user_handler.o
                0x0000000080000300                user_handler_test_yes_no
 .text.user_handler_test_string
                0x0000000080000364       0xbc ./user_handler_files/user_handler.o
                0x0000000080000364                user_handler_test_string
 .text.user_handler_test_decimal
                0x0000000080000420       0xac ./user_handler_files/user_handler.o
                0x0000000080000420                user_handler_test_decimal
 .text.user_handler_test_bytes
                0x00000000800004cc      0x11c ./user_handler_files/user_handler.o
                0x00000000800004cc                user_handler_test_bytes
 .text.get_single_char_from_user
                0x00000000800005e8       0xa4 ./user_handler_files/user_handler.o
                0x00000000800005e8                get_single_char_from_user
 .text.get_yes_no_from_user
                0x000000008000068c       0xbc ./user_handler_files/user_handler.o
                0x000000008000068c                get_yes_no_from_user
 .text.get_string_from_user
                0x0000000080000748      0x1dc ./user_handler_files/user_handler.o
                0x0000000080000748                get_string_from_user
 .text.get_dec_from_user
                0x0000000080000924      0x1a4 ./user_handler_files/user_handler.o
                0x0000000080000924                get_dec_from_user
 .text.get_bytes_from_user
                0x0000000080000ac8      0x290 ./user_handler_files/user_handler.o
                0x0000000080000ac8                get_bytes_from_user
 .text.byte_to_dec_string
                0x0000000080000d58       0xcc ./user_handler_files/user_handler.o
                0x0000000080000d58                byte_to_dec_string
 .text.int_to_hex_string
                0x0000000080000e24      0x23c ./user_handler_files/user_handler.o
                0x0000000080000e24                int_to_hex_string
 .text.int_to_single_byte_string
                0x0000000080001060       0xa8 ./user_handler_files/user_handler.o
                0x0000000080001060                int_to_single_byte_string
 .text.PLIC_init
                0x0000000080001108       0xd0 ./uart_test_files/uart_test_routine.o
 .text.PLIC_EnableIRQ
                0x00000000800011d8       0xb4 ./uart_test_files/uart_test_routine.o
 .text.PLIC_SetPriority
                0x000000008000128c       0x3c ./uart_test_files/uart_test_routine.o
 .text.run_uart_test
                0x00000000800012c8      0x34c ./uart_test_files/uart_test_routine.o
                0x00000000800012c8                run_uart_test
 .text.uart_display_greeting
                0x0000000080001614       0xc4 ./uart_test_files/uart_test_routine.o
 .text.select_mode_uart
                0x00000000800016d8       0x74 ./uart_test_files/uart_test_routine.o
 .text.uart_get_data
                0x000000008000174c       0xe8 ./uart_test_files/uart_test_routine.o
                0x000000008000174c                uart_get_data
 .text.spi_test_init
                0x0000000080001834       0x60 ./spi_test_files/spi_test_prog.o
                0x0000000080001834                spi_test_init
 .text.spi_test_read
                0x0000000080001894       0x98 ./spi_test_files/spi_test_prog.o
                0x0000000080001894                spi_test_read
 .text.spi_test_write
                0x000000008000192c       0x98 ./spi_test_files/spi_test_prog.o
                0x000000008000192c                spi_test_write
 .text.spi_test_handler
                0x00000000800019c4       0xe4 ./spi_test_files/spi_test_prog.o
                0x00000000800019c4                spi_test_handler
 .text.spi_test_send_write_command
                0x0000000080001aa8       0xdc ./spi_test_files/spi_test_prog.o
                0x0000000080001aa8                spi_test_send_write_command
 .text.spi_test_send_read_command
                0x0000000080001b84       0xdc ./spi_test_files/spi_test_prog.o
                0x0000000080001b84                spi_test_send_read_command
 .text.spi_test_display_write_command_instructions
                0x0000000080001c60       0xb4 ./spi_test_files/spi_test_prog.o
                0x0000000080001c60                spi_test_display_write_command_instructions
 .text.spi_test_write_single_byte
                0x0000000080001d14      0x198 ./spi_test_files/spi_test_prog.o
                0x0000000080001d14                spi_test_write_single_byte
 .text.spi_test_write_quad_byte
                0x0000000080001eac      0x25c ./spi_test_files/spi_test_prog.o
                0x0000000080001eac                spi_test_write_quad_byte
 .text.spi_test_write_custom_byte
                0x0000000080002108      0x29c ./spi_test_files/spi_test_prog.o
                0x0000000080002108                spi_test_write_custom_byte
 .text.spi_test_display_read_command_instructions
                0x00000000800023a4       0xb4 ./spi_test_files/spi_test_prog.o
                0x00000000800023a4                spi_test_display_read_command_instructions
 .text.spi_test_read_single_byte
                0x0000000080002458      0x13c ./spi_test_files/spi_test_prog.o
                0x0000000080002458                spi_test_read_single_byte
 .text.spi_test_read_quad_byte
                0x0000000080002594      0x17c ./spi_test_files/spi_test_prog.o
                0x0000000080002594                spi_test_read_quad_byte
 .text.spi_test_read_custom_byte
                0x0000000080002710      0x1cc ./spi_test_files/spi_test_prog.o
                0x0000000080002710                spi_test_read_custom_byte
 .text.spi_test_display_commands
                0x00000000800028dc       0xa4 ./spi_test_files/spi_test_prog.o
                0x00000000800028dc                spi_test_display_commands
 .text.spi_test_display_devices
                0x0000000080002980       0x94 ./spi_test_files/spi_test_prog.o
                0x0000000080002980                spi_test_display_devices
 .text.spi_test_display_selected_device
                0x0000000080002a14       0xe4 ./spi_test_files/spi_test_prog.o
                0x0000000080002a14                spi_test_display_selected_device
 .text.spi_test_change_selected_device
                0x0000000080002af8      0x258 ./spi_test_files/spi_test_prog.o
                0x0000000080002af8                spi_test_change_selected_device
 .text.spi_test_display_incorrect_command
                0x0000000080002d50       0x34 ./spi_test_files/spi_test_prog.o
                0x0000000080002d50                spi_test_display_incorrect_command
 .text.copy_section
                0x0000000080002d84       0x60 ./riscv_hal/init.o
 .text.zero_section
                0x0000000080002de4       0x50 ./riscv_hal/init.o
 .text._init    0x0000000080002e34       0x90 ./riscv_hal/init.o
                0x0000000080002e34                _init
 .text._fini    0x0000000080002ec4       0x1c ./riscv_hal/init.o
                0x0000000080002ec4                _fini
 .text.PLIC_DisableIRQ
                0x0000000080002ee0       0xb8 ./riscv_hal/riscv_hal.o
 .text.PLIC_ClaimIRQ
                0x0000000080002f98       0x44 ./riscv_hal/riscv_hal.o
 .text.PLIC_CompleteIRQ
                0x0000000080002fdc       0x4c ./riscv_hal/riscv_hal.o
 .text.__disable_irq
                0x0000000080003028       0x30 ./riscv_hal/riscv_hal.o
                0x0000000080003028                __disable_irq
 .text.__enable_irq
                0x0000000080003058       0x24 ./riscv_hal/riscv_hal.o
                0x0000000080003058                __enable_irq
 .text.SysTick_Config
                0x000000008000307c       0xe8 ./riscv_hal/riscv_hal.o
                0x000000008000307c                SysTick_Config
 .text.handle_m_timer_interrupt
                0x0000000080003164       0xa8 ./riscv_hal/riscv_hal.o
 .text.handle_m_ext_interrupt
                0x000000008000320c       0x70 ./riscv_hal/riscv_hal.o
 .text.handle_m_soft_interrupt
                0x000000008000327c       0x30 ./riscv_hal/riscv_hal.o
 .text.handle_trap
                0x00000000800032ac       0xfc ./riscv_hal/riscv_hal.o
                0x00000000800032ac                handle_trap
 .text.Software_IRQHandler
                0x00000000800033a8       0x18 ./riscv_hal/riscv_hal_stubs.o
                0x00000000800033a8                Software_IRQHandler
 .text.Invalid_IRQHandler
                0x00000000800033c0       0x20 ./riscv_hal/riscv_hal_stubs.o
                0x00000000800033c0                Invalid_IRQHandler
 .text.External_1_IRQHandler
                0x00000000800033e0       0x20 ./riscv_hal/riscv_hal_stubs.o
                0x00000000800033e0                External_1_IRQHandler
 .text.External_2_IRQHandler
                0x0000000080003400       0x20 ./riscv_hal/riscv_hal_stubs.o
                0x0000000080003400                External_2_IRQHandler
 .text.External_3_IRQHandler
                0x0000000080003420       0x20 ./riscv_hal/riscv_hal_stubs.o
                0x0000000080003420                External_3_IRQHandler
 .text.External_4_IRQHandler
                0x0000000080003440       0x20 ./riscv_hal/riscv_hal_stubs.o
                0x0000000080003440                External_4_IRQHandler
 .text.External_7_IRQHandler
                0x0000000080003460       0x20 ./riscv_hal/riscv_hal_stubs.o
                0x0000000080003460                External_7_IRQHandler
 .text.External_8_IRQHandler
                0x0000000080003480       0x20 ./riscv_hal/riscv_hal_stubs.o
                0x0000000080003480                External_8_IRQHandler
 .text.External_9_IRQHandler
                0x00000000800034a0       0x20 ./riscv_hal/riscv_hal_stubs.o
                0x00000000800034a0                External_9_IRQHandler
 .text.External_10_IRQHandler
                0x00000000800034c0       0x20 ./riscv_hal/riscv_hal_stubs.o
                0x00000000800034c0                External_10_IRQHandler
 .text.External_11_IRQHandler
                0x00000000800034e0       0x20 ./riscv_hal/riscv_hal_stubs.o
                0x00000000800034e0                External_11_IRQHandler
 .text.External_12_IRQHandler
                0x0000000080003500       0x20 ./riscv_hal/riscv_hal_stubs.o
                0x0000000080003500                External_12_IRQHandler
 .text.External_13_IRQHandler
                0x0000000080003520       0x20 ./riscv_hal/riscv_hal_stubs.o
                0x0000000080003520                External_13_IRQHandler
 .text.External_14_IRQHandler
                0x0000000080003540       0x20 ./riscv_hal/riscv_hal_stubs.o
                0x0000000080003540                External_14_IRQHandler
 .text.External_15_IRQHandler
                0x0000000080003560       0x20 ./riscv_hal/riscv_hal_stubs.o
                0x0000000080003560                External_15_IRQHandler
 .text.External_16_IRQHandler
                0x0000000080003580       0x20 ./riscv_hal/riscv_hal_stubs.o
                0x0000000080003580                External_16_IRQHandler
 .text.External_17_IRQHandler
                0x00000000800035a0       0x20 ./riscv_hal/riscv_hal_stubs.o
                0x00000000800035a0                External_17_IRQHandler
 .text.External_18_IRQHandler
                0x00000000800035c0       0x20 ./riscv_hal/riscv_hal_stubs.o
                0x00000000800035c0                External_18_IRQHandler
 .text.External_19_IRQHandler
                0x00000000800035e0       0x20 ./riscv_hal/riscv_hal_stubs.o
                0x00000000800035e0                External_19_IRQHandler
 .text.External_20_IRQHandler
                0x0000000080003600       0x20 ./riscv_hal/riscv_hal_stubs.o
                0x0000000080003600                External_20_IRQHandler
 .text.External_21_IRQHandler
                0x0000000080003620       0x20 ./riscv_hal/riscv_hal_stubs.o
                0x0000000080003620                External_21_IRQHandler
 .text.External_22_IRQHandler
                0x0000000080003640       0x20 ./riscv_hal/riscv_hal_stubs.o
                0x0000000080003640                External_22_IRQHandler
 .text.External_23_IRQHandler
                0x0000000080003660       0x20 ./riscv_hal/riscv_hal_stubs.o
                0x0000000080003660                External_23_IRQHandler
 .text.External_24_IRQHandler
                0x0000000080003680       0x20 ./riscv_hal/riscv_hal_stubs.o
                0x0000000080003680                External_24_IRQHandler
 .text.External_25_IRQHandler
                0x00000000800036a0       0x20 ./riscv_hal/riscv_hal_stubs.o
                0x00000000800036a0                External_25_IRQHandler
 .text.External_26_IRQHandler
                0x00000000800036c0       0x20 ./riscv_hal/riscv_hal_stubs.o
                0x00000000800036c0                External_26_IRQHandler
 .text.External_27_IRQHandler
                0x00000000800036e0       0x20 ./riscv_hal/riscv_hal_stubs.o
                0x00000000800036e0                External_27_IRQHandler
 .text.External_28_IRQHandler
                0x0000000080003700       0x20 ./riscv_hal/riscv_hal_stubs.o
                0x0000000080003700                External_28_IRQHandler
 .text.External_29_IRQHandler
                0x0000000080003720       0x20 ./riscv_hal/riscv_hal_stubs.o
                0x0000000080003720                External_29_IRQHandler
 .text.External_30_IRQHandler
                0x0000000080003740       0x20 ./riscv_hal/riscv_hal_stubs.o
                0x0000000080003740                External_30_IRQHandler
 .text.External_31_IRQHandler
                0x0000000080003760       0x20 ./riscv_hal/riscv_hal_stubs.o
                0x0000000080003760                External_31_IRQHandler
 .text._exit    0x0000000080003780       0x14 ./riscv_hal/syscall.o
                0x0000000080003780                _exit
 .text._sbrk    0x0000000080003794       0x74 ./riscv_hal/syscall.o
                0x0000000080003794                _sbrk
 .text.lcd_command
                0x0000000080003808       0x64 ./lcd_test_files/lcd_test.o
                0x0000000080003808                lcd_command
 .text.lcd_write
                0x000000008000386c       0x78 ./lcd_test_files/lcd_test.o
                0x000000008000386c                lcd_write
 .text.lcd_init
                0x00000000800038e4      0x15c ./lcd_test_files/lcd_test.o
                0x00000000800038e4                lcd_init
 .text.lcd_test
                0x0000000080003a40      0x104 ./lcd_test_files/lcd_test.o
                0x0000000080003a40                lcd_test
 .text.PLIC_init
                0x0000000080003b44       0xd0 ./i2c_test_files/i2c_test_routine.o
 .text.PLIC_EnableIRQ
                0x0000000080003c14       0xb4 ./i2c_test_files/i2c_test_routine.o
 .text.PLIC_SetPriority
                0x0000000080003cc8       0x3c ./i2c_test_files/i2c_test_routine.o
 .text.run_i2c_test
                0x0000000080003d04      0x220 ./i2c_test_files/i2c_test_routine.o
                0x0000000080003d04                run_i2c_test
 .text.do_write_transaction
                0x0000000080003f24       0x78 ./i2c_test_files/i2c_test_routine.o
                0x0000000080003f24                do_write_transaction
 .text.display_greeting
                0x0000000080003f9c       0xd4 ./i2c_test_files/i2c_test_routine.o
 .text.select_mode_i2c
                0x0000000080004070       0x84 ./i2c_test_files/i2c_test_routine.o
 .text.get_data
                0x00000000800040f4       0xe8 ./i2c_test_files/i2c_test_routine.o
                0x00000000800040f4                get_data
 .text.press_any_key_to_continue
                0x00000000800041dc       0xbc ./i2c_test_files/i2c_test_routine.o
                0x00000000800041dc                press_any_key_to_continue
 .text.SysTick_Handler
                0x0000000080004298       0x30 ./i2c_test_files/i2c_test_routine.o
                0x0000000080004298                SysTick_Handler
 .text.External_5_IRQHandler
                0x00000000800042c8       0x30 ./i2c_test_files/i2c_test_routine.o
                0x00000000800042c8                External_5_IRQHandler
 .text.External_6_IRQHandler
                0x00000000800042f8       0x20 ./i2c_test_files/i2c_test_routine.o
                0x00000000800042f8                External_6_IRQHandler
 .text.HAL_enable_interrupts
                0x0000000080004318       0x28 ./hal/hal_irq.o
                0x0000000080004318                HAL_enable_interrupts
 .text.HAL_disable_interrupts
                0x0000000080004340       0x3c ./hal/hal_irq.o
                0x0000000080004340                HAL_disable_interrupts
 .text.HAL_restore_interrupts
                0x000000008000437c       0x28 ./hal/hal_irq.o
                0x000000008000437c                HAL_restore_interrupts
 .text          0x00000000800043a4       0xd8 ./hal/hw_reg_access.o
                0x00000000800043a4                HW_set_32bit_reg
                0x00000000800043ac                HW_get_32bit_reg
                0x00000000800043b4                HW_set_32bit_reg_field
                0x00000000800043dc                HW_get_32bit_reg_field
                0x00000000800043ec                HW_set_16bit_reg
                0x00000000800043f4                HW_get_16bit_reg
                0x00000000800043fc                HW_set_16bit_reg_field
                0x0000000080004424                HW_get_16bit_reg_field
                0x0000000080004434                HW_set_8bit_reg
                0x000000008000443c                HW_get_8bit_reg
                0x0000000080004444                HW_set_8bit_reg_field
                0x000000008000446c                HW_get_8bit_reg_field
 .text.UART_init
                0x000000008000447c      0x118 ./drivers/CoreUARTapb/core_uart_apb.o
                0x000000008000447c                UART_init
 .text.UART_send
                0x0000000080004594       0xb4 ./drivers/CoreUARTapb/core_uart_apb.o
                0x0000000080004594                UART_send
 .text.UART_get_rx
                0x0000000080004648      0x130 ./drivers/CoreUARTapb/core_uart_apb.o
                0x0000000080004648                UART_get_rx
 .text.UART_polled_tx_string
                0x0000000080004778       0xb0 ./drivers/CoreUARTapb/core_uart_apb.o
                0x0000000080004778                UART_polled_tx_string
 .text.UART_get_rx_status
                0x0000000080004828       0x54 ./drivers/CoreUARTapb/core_uart_apb.o
                0x0000000080004828                UART_get_rx_status
 .text.SPI_init
                0x000000008000487c      0x120 ./drivers/CoreSPI/core_spi.o
                0x000000008000487c                SPI_init
 .text.SPI_configure_master_mode
                0x000000008000499c       0xb0 ./drivers/CoreSPI/core_spi.o
                0x000000008000499c                SPI_configure_master_mode
 .text.SPI_set_slave_select
                0x0000000080004a4c       0xe0 ./drivers/CoreSPI/core_spi.o
                0x0000000080004a4c                SPI_set_slave_select
 .text.SPI_clear_slave_select
                0x0000000080004b2c       0xe4 ./drivers/CoreSPI/core_spi.o
                0x0000000080004b2c                SPI_clear_slave_select
 .text.SPI_transfer_block
                0x0000000080004c10      0x5c4 ./drivers/CoreSPI/core_spi.o
                0x0000000080004c10                SPI_transfer_block
 .text.recover_from_rx_overflow
                0x00000000800051d4       0x90 ./drivers/CoreSPI/core_spi.o
 .text.I2C_init
                0x0000000080005264      0x168 ./drivers/CoreI2C/core_i2c.o
                0x0000000080005264                I2C_init
 .text.I2C_write
                0x00000000800053cc      0x160 ./drivers/CoreI2C/core_i2c.o
                0x00000000800053cc                I2C_write
 .text.I2C_wait_complete
                0x000000008000552c       0x64 ./drivers/CoreI2C/core_i2c.o
                0x000000008000552c                I2C_wait_complete
 .text.I2C_system_tick
                0x0000000080005590       0x98 ./drivers/CoreI2C/core_i2c.o
                0x0000000080005590                I2C_system_tick
 .text.enable_slave_if_required
                0x0000000080005628       0x50 ./drivers/CoreI2C/core_i2c.o
 .text.I2C_isr  0x0000000080005678      0xa00 ./drivers/CoreI2C/core_i2c.o
                0x0000000080005678                I2C_isr
 .text.I2C_enable_irq
                0x0000000080006078       0x20 ./drivers/CoreI2C/i2c_interrupt.o
                0x0000000080006078                I2C_enable_irq
 .text.I2C_disable_irq
                0x0000000080006098       0x20 ./drivers/CoreI2C/i2c_interrupt.o
                0x0000000080006098                I2C_disable_irq
 .text.GPIO_init
                0x00000000800060b8      0x170 ./drivers/CoreGPIO/core_gpio.o
                0x00000000800060b8                GPIO_init
 .text.GPIO_config
                0x0000000080006228       0x68 ./drivers/CoreGPIO/core_gpio.o
                0x0000000080006228                GPIO_config
 .text.GPIO_set_outputs
                0x0000000080006290      0x148 ./drivers/CoreGPIO/core_gpio.o
                0x0000000080006290                GPIO_set_outputs
 .text.GPIO_get_inputs
                0x00000000800063d8      0x174 ./drivers/CoreGPIO/core_gpio.o
                0x00000000800063d8                GPIO_get_inputs
 .text.GPIO_get_outputs
                0x000000008000654c      0x174 ./drivers/CoreGPIO/core_gpio.o
                0x000000008000654c                GPIO_get_outputs
 .text.GPIO_set_output
                0x00000000800066c0      0x238 ./drivers/CoreGPIO/core_gpio.o
                0x00000000800066c0                GPIO_set_output
 .text.gpio_test_init
                0x00000000800068f8      0x1e4 ./GPIO_test_files/gpio_test_routine.o
                0x00000000800068f8                gpio_test_init
 .text.gpio_test_read
                0x0000000080006adc       0x50 ./GPIO_test_files/gpio_test_routine.o
                0x0000000080006adc                gpio_test_read
 .text.gpio_test_write_1_high
                0x0000000080006b2c       0x58 ./GPIO_test_files/gpio_test_routine.o
                0x0000000080006b2c                gpio_test_write_1_high
 .text.gpio_test_write_1_low
                0x0000000080006b84       0x58 ./GPIO_test_files/gpio_test_routine.o
                0x0000000080006b84                gpio_test_write_1_low
 .text.gpio_test_write
                0x0000000080006bdc       0xf0 ./GPIO_test_files/gpio_test_routine.o
                0x0000000080006bdc                gpio_test_write
 .text.gpio_test_handler
                0x0000000080006ccc       0xf8 ./GPIO_test_files/gpio_test_routine.o
                0x0000000080006ccc                gpio_test_handler
 .text.gpio_test_display_commands
                0x0000000080006dc4       0x94 ./GPIO_test_files/gpio_test_routine.o
                0x0000000080006dc4                gpio_test_display_commands
 .text.gpio_test_display_incorrect_command
                0x0000000080006e58       0x34 ./GPIO_test_files/gpio_test_routine.o
                0x0000000080006e58                gpio_test_display_incorrect_command
 .text.main     0x0000000080006e8c       0xcc ./main.o
                0x0000000080006e8c                main
 .text.testProgramManager
                0x0000000080006f58      0x16c ./main.o
                0x0000000080006f58                testProgramManager
 .text.displayIncorrectCommand
                0x00000000800070c4       0x34 ./main.o
                0x00000000800070c4                displayIncorrectCommand
 .text.displayTestList
                0x00000000800070f8       0xd4 ./main.o
                0x00000000800070f8                displayTestList
 .text.displayTestUnavailable
                0x00000000800071cc       0x34 ./main.o
                0x00000000800071cc                displayTestUnavailable
 .text.displayCommandsList
                0x0000000080007200       0x54 ./main.o
                0x0000000080007200                displayCommandsList
 .text.malloc   0x0000000080007254       0x10 c:/microsemi/softconsole_v6.2/riscv-unknown-elf-gcc/bin/../lib/gcc/riscv64-unknown-elf/8.2.0/../../../../riscv64-unknown-elf/lib/rv32im/ilp32\libc.a(lib_a-malloc.o)
                0x0000000080007254                malloc
 .text.free     0x0000000080007264       0x10 c:/microsemi/softconsole_v6.2/riscv-unknown-elf-gcc/bin/../lib/gcc/riscv64-unknown-elf/8.2.0/../../../../riscv64-unknown-elf/lib/rv32im/ilp32\libc.a(lib_a-malloc.o)
                0x0000000080007264                free
 .text._malloc_r
                0x0000000080007274      0x7cc c:/microsemi/softconsole_v6.2/riscv-unknown-elf-gcc/bin/../lib/gcc/riscv64-unknown-elf/8.2.0/../../../../riscv64-unknown-elf/lib/rv32im/ilp32\libc.a(lib_a-mallocr.o)
                0x0000000080007274                _malloc_r
 .text          0x0000000080007a40       0xdc c:/microsemi/softconsole_v6.2/riscv-unknown-elf-gcc/bin/../lib/gcc/riscv64-unknown-elf/8.2.0/../../../../riscv64-unknown-elf/lib/rv32im/ilp32\libc.a(lib_a-memset.o)
                0x0000000080007a40                memset
 .text.__malloc_lock
                0x0000000080007b1c        0x8 c:/microsemi/softconsole_v6.2/riscv-unknown-elf-gcc/bin/../lib/gcc/riscv64-unknown-elf/8.2.0/../../../../riscv64-unknown-elf/lib/rv32im/ilp32\libc.a(lib_a-mlock.o)
                0x0000000080007b1c                __malloc_lock
 .text.__malloc_unlock
                0x0000000080007b24        0x8 c:/microsemi/softconsole_v6.2/riscv-unknown-elf-gcc/bin/../lib/gcc/riscv64-unknown-elf/8.2.0/../../../../riscv64-unknown-elf/lib/rv32im/ilp32\libc.a(lib_a-mlock.o)
                0x0000000080007b24                __malloc_unlock
 .text._sbrk_r  0x0000000080007b2c       0x54 c:/microsemi/softconsole_v6.2/riscv-unknown-elf-gcc/bin/../lib/gcc/riscv64-unknown-elf/8.2.0/../../../../riscv64-unknown-elf/lib/rv32im/ilp32\libc.a(lib_a-sbrkr.o)
                0x0000000080007b2c                _sbrk_r
 .text._malloc_trim_r
                0x0000000080007b80      0x12c c:/microsemi/softconsole_v6.2/riscv-unknown-elf-gcc/bin/../lib/gcc/riscv64-unknown-elf/8.2.0/../../../../riscv64-unknown-elf/lib/rv32im/ilp32\libc.a(lib_a-freer.o)
                0x0000000080007b80                _malloc_trim_r
 .text._free_r  0x0000000080007cac      0x318 c:/microsemi/softconsole_v6.2/riscv-unknown-elf-gcc/bin/../lib/gcc/riscv64-unknown-elf/8.2.0/../../../../riscv64-unknown-elf/lib/rv32im/ilp32\libc.a(lib_a-freer.o)
                0x0000000080007cac                _free_r
 .text.__retarget_lock_acquire_recursive
                0x0000000080007fc4        0x4 c:/microsemi/softconsole_v6.2/riscv-unknown-elf-gcc/bin/../lib/gcc/riscv64-unknown-elf/8.2.0/../../../../riscv64-unknown-elf/lib/rv32im/ilp32\libc.a(lib_a-lock.o)
                0x0000000080007fc4                __retarget_lock_acquire_recursive
 .text.__retarget_lock_release_recursive
                0x0000000080007fc8        0x4 c:/microsemi/softconsole_v6.2/riscv-unknown-elf-gcc/bin/../lib/gcc/riscv64-unknown-elf/8.2.0/../../../../riscv64-unknown-elf/lib/rv32im/ilp32\libc.a(lib_a-lock.o)
                0x0000000080007fc8                __retarget_lock_release_recursive
 .text.nanosleep
                0x0000000080007fcc       0x38 c:/microsemi/softconsole_v6.2/riscv-unknown-elf-gcc/bin/../lib/gcc/riscv64-unknown-elf/8.2.0/../../../../riscv64-unknown-elf/lib/rv32im/ilp32\libgloss.a(nanosleep.o)
                0x0000000080007fcc                nanosleep
 *(.plt)
                0x0000000080008010                . = ALIGN (0x10)
 *fill*         0x0000000080008004        0xc 
 *crtbegin.o(.ctors)
 *(EXCLUDE_FILE(*crtend.o) .ctors)
 *(SORT_BY_NAME(.ctors.*))
 *crtend.o(.ctors)
 *crtbegin.o(.dtors)
 *(EXCLUDE_FILE(*crtend.o) .dtors)
 *(SORT_BY_NAME(.dtors.*))
 *crtend.o(.dtors)
 *(.rodata .rodata.* .gnu.linkonce.r.*)
 .rodata        0x0000000080008010      0x29e ./user_handler_files/user_handler.o
 *fill*         0x00000000800082ae        0x2 
 .rodata.get_string_from_user
                0x00000000800082b0       0x64 ./user_handler_files/user_handler.o
 .rodata.get_dec_from_user
                0x0000000080008314       0x64 ./user_handler_files/user_handler.o
 .rodata.get_bytes_from_user
                0x0000000080008378      0x174 ./user_handler_files/user_handler.o
 .rodata        0x00000000800084ec      0x515 ./uart_test_files/uart_test_routine.o
 *fill*         0x0000000080008a01        0x3 
 .rodata        0x0000000080008a04      0x782 ./spi_test_files/spi_test_prog.o
 *fill*         0x0000000080009186        0x2 
 .rodata.spi_test_handler
                0x0000000080009188      0x108 ./spi_test_files/spi_test_prog.o
 .rodata.spi_test_send_write_command
                0x0000000080009290      0x108 ./spi_test_files/spi_test_prog.o
 .rodata.spi_test_send_read_command
                0x0000000080009398      0x108 ./spi_test_files/spi_test_prog.o
 .rodata.spi_test_display_selected_device
                0x00000000800094a0       0x18 ./spi_test_files/spi_test_prog.o
 .rodata.spi_test_change_selected_device
                0x00000000800094b8       0x18 ./spi_test_files/spi_test_prog.o
 .rodata        0x00000000800094d0        0x6 ./riscv_hal/init.o
 *fill*         0x00000000800094d6        0x2 
 .rodata        0x00000000800094d8       0x16 ./lcd_test_files/lcd_test.o
 *fill*         0x00000000800094ee        0x2 
 .rodata        0x00000000800094f0      0x61d ./i2c_test_files/i2c_test_routine.o
 *fill*         0x0000000080009b0d        0x3 
 .rodata.I2C_isr
                0x0000000080009b10      0x364 ./drivers/CoreI2C/core_i2c.o
 .rodata        0x0000000080009e74      0x1f6 ./GPIO_test_files/gpio_test_routine.o
 *fill*         0x000000008000a06a        0x2 
 .rodata        0x000000008000a06c      0x19a ./main.o
 *fill*         0x000000008000a206        0x2 
 .rodata.testProgramManager
                0x000000008000a208       0x28 ./main.o
 *(.gcc_except_table)
 *(.eh_frame_hdr)
 *(.eh_frame)
 *(.init)
 *(.fini)
                [!provide]                        PROVIDE (__preinit_array_start = .)
 *(.preinit_array)
                [!provide]                        PROVIDE (__preinit_array_end = .)
                [!provide]                        PROVIDE (__init_array_start = .)
 *(SORT_BY_NAME(.init_array.*))
 *(.init_array)
                [!provide]                        PROVIDE (__init_array_end = .)
                [!provide]                        PROVIDE (__fini_array_start = .)
 *(.fini_array)
 *(SORT_BY_NAME(.fini_array.*))
                [!provide]                        PROVIDE (__fini_array_end = .)
                0x000000008000a230                . = ALIGN (0x10)

.rela.dyn       0x000000008000a230        0x0
 .rela.text.user_handler_unit_test_handler
                0x000000008000a230        0x0 ./user_handler_files/user_handler.o
 .rela.text.user_handler_invalid_command
                0x000000008000a230        0x0 ./user_handler_files/user_handler.o
 .rela.text.user_handler_display_instructions
                0x000000008000a230        0x0 ./user_handler_files/user_handler.o
 .rela.text.user_handler_test_yes_no
                0x000000008000a230        0x0 ./user_handler_files/user_handler.o
 .rela.text.user_handler_test_string
                0x000000008000a230        0x0 ./user_handler_files/user_handler.o
 .rela.text.user_handler_test_decimal
                0x000000008000a230        0x0 ./user_handler_files/user_handler.o
 .rela.text.user_handler_test_bytes
                0x000000008000a230        0x0 ./user_handler_files/user_handler.o
 .rela.text.get_single_char_from_user
                0x000000008000a230        0x0 ./user_handler_files/user_handler.o
 .rela.text.get_yes_no_from_user
                0x000000008000a230        0x0 ./user_handler_files/user_handler.o
 .rela.text.get_string_from_user
                0x000000008000a230        0x0 ./user_handler_files/user_handler.o
 .rela.text.get_dec_from_user
                0x000000008000a230        0x0 ./user_handler_files/user_handler.o
 .rela.text.get_bytes_from_user
                0x000000008000a230        0x0 ./user_handler_files/user_handler.o
 .rela.text.run_uart_test
                0x000000008000a230        0x0 ./user_handler_files/user_handler.o
 .rela.text.uart_display_greeting
                0x000000008000a230        0x0 ./user_handler_files/user_handler.o
 .rela.text.select_mode_uart
                0x000000008000a230        0x0 ./user_handler_files/user_handler.o
 .rela.text.uart_get_data
                0x000000008000a230        0x0 ./user_handler_files/user_handler.o
 .rela.sdata.fram_dev
                0x000000008000a230        0x0 ./user_handler_files/user_handler.o
 .rela.sdata.external_spi_0
                0x000000008000a230        0x0 ./user_handler_files/user_handler.o
 .rela.sdata.external_spi_1
                0x000000008000a230        0x0 ./user_handler_files/user_handler.o
 .rela.sdata.adc_dev
                0x000000008000a230        0x0 ./user_handler_files/user_handler.o
 .rela.sdata.lcd_screen_dev
                0x000000008000a230        0x0 ./user_handler_files/user_handler.o
 .rela.sdata.accelerometer_dev
                0x000000008000a230        0x0 ./user_handler_files/user_handler.o
 .rela.text.spi_test_init
                0x000000008000a230        0x0 ./user_handler_files/user_handler.o
 .rela.text.spi_test_handler
                0x000000008000a230        0x0 ./user_handler_files/user_handler.o
 .rela.text.spi_test_send_write_command
                0x000000008000a230        0x0 ./user_handler_files/user_handler.o
 .rela.text.spi_test_send_read_command
                0x000000008000a230        0x0 ./user_handler_files/user_handler.o
 .rela.text.spi_test_display_write_command_instructions
                0x000000008000a230        0x0 ./user_handler_files/user_handler.o
 .rela.text.spi_test_write_single_byte
                0x000000008000a230        0x0 ./user_handler_files/user_handler.o
 .rela.text.spi_test_write_quad_byte
                0x000000008000a230        0x0 ./user_handler_files/user_handler.o
 .rela.text.spi_test_write_custom_byte
                0x000000008000a230        0x0 ./user_handler_files/user_handler.o
 .rela.text.spi_test_display_read_command_instructions
                0x000000008000a230        0x0 ./user_handler_files/user_handler.o
 .rela.text.spi_test_read_single_byte
                0x000000008000a230        0x0 ./user_handler_files/user_handler.o
 .rela.text.spi_test_read_quad_byte
                0x000000008000a230        0x0 ./user_handler_files/user_handler.o
 .rela.text.spi_test_read_custom_byte
                0x000000008000a230        0x0 ./user_handler_files/user_handler.o
 .rela.text.spi_test_display_commands
                0x000000008000a230        0x0 ./user_handler_files/user_handler.o
 .rela.text.spi_test_display_devices
                0x000000008000a230        0x0 ./user_handler_files/user_handler.o
 .rela.text.spi_test_display_selected_device
                0x000000008000a230        0x0 ./user_handler_files/user_handler.o
 .rela.text.spi_test_change_selected_device
                0x000000008000a230        0x0 ./user_handler_files/user_handler.o
 .rela.text.spi_test_display_incorrect_command
                0x000000008000a230        0x0 ./user_handler_files/user_handler.o
 .rela.text.entry
                0x000000008000a230        0x0 ./user_handler_files/user_handler.o
 .rela.text._init
                0x000000008000a230        0x0 ./user_handler_files/user_handler.o
 .rela.data.ext_irq_handler_table
                0x000000008000a230        0x0 ./user_handler_files/user_handler.o
 .rela.text.handle_m_soft_interrupt
                0x000000008000a230        0x0 ./user_handler_files/user_handler.o
 .rela.sdata.curbrk.3739
                0x000000008000a230        0x0 ./user_handler_files/user_handler.o
 .rela.text._sbrk
                0x000000008000a230        0x0 ./user_handler_files/user_handler.o
 .rela.text.lcd_command
                0x000000008000a230        0x0 ./user_handler_files/user_handler.o
 .rela.text.lcd_write
                0x000000008000a230        0x0 ./user_handler_files/user_handler.o
 .rela.text.lcd_init
                0x000000008000a230        0x0 ./user_handler_files/user_handler.o
 .rela.text.run_i2c_test
                0x000000008000a230        0x0 ./user_handler_files/user_handler.o
 .rela.text.do_write_transaction
                0x000000008000a230        0x0 ./user_handler_files/user_handler.o
 .rela.text.display_greeting
                0x000000008000a230        0x0 ./user_handler_files/user_handler.o
 .rela.text.select_mode_i2c
                0x000000008000a230        0x0 ./user_handler_files/user_handler.o
 .rela.text.get_data
                0x000000008000a230        0x0 ./user_handler_files/user_handler.o
 .rela.text.press_any_key_to_continue
                0x000000008000a230        0x0 ./user_handler_files/user_handler.o
 .rela.text.SysTick_Handler
                0x000000008000a230        0x0 ./user_handler_files/user_handler.o
 .rela.text.External_5_IRQHandler
                0x000000008000a230        0x0 ./user_handler_files/user_handler.o
 .rela.text.gpio_test_init
                0x000000008000a230        0x0 ./user_handler_files/user_handler.o
 .rela.text.gpio_test_read
                0x000000008000a230        0x0 ./user_handler_files/user_handler.o
 .rela.text.gpio_test_write_1_high
                0x000000008000a230        0x0 ./user_handler_files/user_handler.o
 .rela.text.gpio_test_write_1_low
                0x000000008000a230        0x0 ./user_handler_files/user_handler.o
 .rela.text.gpio_test_write
                0x000000008000a230        0x0 ./user_handler_files/user_handler.o
 .rela.text.gpio_test_handler
                0x000000008000a230        0x0 ./user_handler_files/user_handler.o
 .rela.text.gpio_test_display_commands
                0x000000008000a230        0x0 ./user_handler_files/user_handler.o
 .rela.text.gpio_test_display_incorrect_command
                0x000000008000a230        0x0 ./user_handler_files/user_handler.o
 .rela.text.main
                0x000000008000a230        0x0 ./user_handler_files/user_handler.o
 .rela.text.testProgramManager
                0x000000008000a230        0x0 ./user_handler_files/user_handler.o
 .rela.text.displayIncorrectCommand
                0x000000008000a230        0x0 ./user_handler_files/user_handler.o
 .rela.text.displayTestList
                0x000000008000a230        0x0 ./user_handler_files/user_handler.o
 .rela.text.displayTestUnavailable
                0x000000008000a230        0x0 ./user_handler_files/user_handler.o
 .rela.text.displayCommandsList
                0x000000008000a230        0x0 ./user_handler_files/user_handler.o
 .rela.text.__malloc_lock
                0x000000008000a230        0x0 ./user_handler_files/user_handler.o
 .rela.text.__malloc_unlock
                0x000000008000a230        0x0 ./user_handler_files/user_handler.o
 .rela.text._sbrk_r
                0x000000008000a230        0x0 ./user_handler_files/user_handler.o

.sdata          0x000000008000a230       0x40
                0x000000008000a230                __sdata_load = LOADADDR (.sdata)
                0x000000008000a230                __sdata_start = .
                0x000000008000aa30                PROVIDE (__global_pointer$ = (. + 0x800))
 *(.srodata.cst16)
 *(.srodata.cst8)
 *(.srodata.cst4)
 *(.srodata.cst2)
 *(.srodata*)
 *(.sdata .sdata.* .gnu.linkonce.s.*)
 .sdata.fram_dev
                0x000000008000a230        0x8 ./spi_test_files/spi_test_prog.o
                0x000000008000a230                fram_dev
 .sdata.external_spi_0
                0x000000008000a238        0x8 ./spi_test_files/spi_test_prog.o
                0x000000008000a238                external_spi_0
 .sdata.external_spi_1
                0x000000008000a240        0x8 ./spi_test_files/spi_test_prog.o
                0x000000008000a240                external_spi_1
 .sdata.adc_dev
                0x000000008000a248        0x8 ./spi_test_files/spi_test_prog.o
                0x000000008000a248                adc_dev
 .sdata.lcd_screen_dev
                0x000000008000a250        0x8 ./spi_test_files/spi_test_prog.o
                0x000000008000a250                lcd_screen_dev
 .sdata.accelerometer_dev
                0x000000008000a258        0x8 ./spi_test_files/spi_test_prog.o
                0x000000008000a258                accelerometer_dev
 .sdata.curbrk.3739
                0x000000008000a260        0x4 ./riscv_hal/syscall.o
 .sdata.__malloc_sbrk_base
                0x000000008000a264        0x4 c:/microsemi/softconsole_v6.2/riscv-unknown-elf-gcc/bin/../lib/gcc/riscv64-unknown-elf/8.2.0/../../../../riscv64-unknown-elf/lib/rv32im/ilp32\libc.a(lib_a-mallocr.o)
                0x000000008000a264                __malloc_sbrk_base
 .sdata.__malloc_trim_threshold
                0x000000008000a268        0x4 c:/microsemi/softconsole_v6.2/riscv-unknown-elf-gcc/bin/../lib/gcc/riscv64-unknown-elf/8.2.0/../../../../riscv64-unknown-elf/lib/rv32im/ilp32\libc.a(lib_a-mallocr.o)
                0x000000008000a268                __malloc_trim_threshold
 .sdata._impure_ptr
                0x000000008000a26c        0x4 c:/microsemi/softconsole_v6.2/riscv-unknown-elf-gcc/bin/../lib/gcc/riscv64-unknown-elf/8.2.0/../../../../riscv64-unknown-elf/lib/rv32im/ilp32\libc.a(lib_a-impure.o)
                0x000000008000a26c                _impure_ptr
                0x000000008000a270                . = ALIGN (0x10)
                0x000000008000a270                __sdata_end = .

.data           0x000000008000a270      0x8b0
                0x000000008000a270                __data_load = LOADADDR (.data)
                0x000000008000a270                __data_start = .
 *(.got.plt)
 *(.got)
 *(.shdata)
 *(.data .data.* .gnu.linkonce.d.*)
 .data.ext_irq_handler_table
                0x000000008000a270       0x80 ./riscv_hal/riscv_hal.o
                0x000000008000a270                ext_irq_handler_table
 .data.__malloc_av_
                0x000000008000a2f0      0x408 c:/microsemi/softconsole_v6.2/riscv-unknown-elf-gcc/bin/../lib/gcc/riscv64-unknown-elf/8.2.0/../../../../riscv64-unknown-elf/lib/rv32im/ilp32\libc.a(lib_a-mallocr.o)
                0x000000008000a2f0                __malloc_av_
 .data.impure_data
                0x000000008000a6f8      0x428 c:/microsemi/softconsole_v6.2/riscv-unknown-elf-gcc/bin/../lib/gcc/riscv64-unknown-elf/8.2.0/../../../../riscv64-unknown-elf/lib/rv32im/ilp32\libc.a(lib_a-impure.o)
                0x000000008000ab20                . = ALIGN (0x10)
                0x000000008000ab20                __data_end = .

.sbss           0x000000008000ab20       0x20
                0x000000008000ab20                __sbss_start = .
 *(.sbss .sbss.* .gnu.linkonce.sb.*)
 .sbss.tx_length
                0x000000008000ab20        0x1 ./uart_test_files/uart_test_routine.o
 *fill*         0x000000008000ab21        0x7 
 .sbss.g_systick_increment
                0x000000008000ab28        0x8 ./riscv_hal/riscv_hal.o
 .sbss.g_tx_length
                0x000000008000ab30        0x1 ./i2c_test_files/i2c_test_routine.o
 *fill*         0x000000008000ab31        0x3 
 .sbss.__malloc_max_sbrked_mem
                0x000000008000ab34        0x4 c:/microsemi/softconsole_v6.2/riscv-unknown-elf-gcc/bin/../lib/gcc/riscv64-unknown-elf/8.2.0/../../../../riscv64-unknown-elf/lib/rv32im/ilp32\libc.a(lib_a-mallocr.o)
                0x000000008000ab34                __malloc_max_sbrked_mem
 .sbss.__malloc_max_total_mem
                0x000000008000ab38        0x4 c:/microsemi/softconsole_v6.2/riscv-unknown-elf-gcc/bin/../lib/gcc/riscv64-unknown-elf/8.2.0/../../../../riscv64-unknown-elf/lib/rv32im/ilp32\libc.a(lib_a-mallocr.o)
                0x000000008000ab38                __malloc_max_total_mem
 .sbss.__malloc_top_pad
                0x000000008000ab3c        0x4 c:/microsemi/softconsole_v6.2/riscv-unknown-elf-gcc/bin/../lib/gcc/riscv64-unknown-elf/8.2.0/../../../../riscv64-unknown-elf/lib/rv32im/ilp32\libc.a(lib_a-mallocr.o)
                0x000000008000ab3c                __malloc_top_pad
 *(.scommon)
                0x000000008000ab40                . = ALIGN (0x10)
                0x000000008000ab40                __sbss_end = .

.bss            0x000000008000ab40      0x1c0
                0x000000008000ab40                __bss_start = .
 *(.shbss)
 *(.bss .bss.* .gnu.linkonce.b.*)
 .bss.rx_buf    0x000000008000ab40       0x20 ./uart_test_files/uart_test_routine.o
 .bss.tx_buf    0x000000008000ab60       0x20 ./uart_test_files/uart_test_routine.o
 .bss.g_master_rx_buf
                0x000000008000ab80       0x20 ./i2c_test_files/i2c_test_routine.o
 .bss.g_master_tx_buf
                0x000000008000aba0       0x20 ./i2c_test_files/i2c_test_routine.o
 .bss.__malloc_current_mallinfo
                0x000000008000abc0       0x28 c:/microsemi/softconsole_v6.2/riscv-unknown-elf-gcc/bin/../lib/gcc/riscv64-unknown-elf/8.2.0/../../../../riscv64-unknown-elf/lib/rv32im/ilp32\libc.a(lib_a-mallocr.o)
                0x000000008000abc0                __malloc_current_mallinfo
 *(COMMON)
 COMMON         0x000000008000abe8        0x8 ./user_handler_files/user_handler.o
                0x000000008000abe8                g_core_uart
 COMMON         0x000000008000abf0       0x5c ./spi_test_files/spi_test_prog.o
                0x000000008000abf0                selected_dev
                0x000000008000abf4                quit_spi_test
                0x000000008000abf8                riscv_spi
                0x000000008000ac44                spi_command_byte
                0x000000008000ac48                selected_dev_id
 COMMON         0x000000008000ac4c        0x4 ./riscv_hal/syscall.o
                0x000000008000ac4c                errno
 COMMON         0x000000008000ac50        0x1 ./lcd_test_files/lcd_test.o
                0x000000008000ac50                quit_gpio_test
 *fill*         0x000000008000ac51        0x3 
 COMMON         0x000000008000ac54       0x6c ./i2c_test_files/i2c_test_routine.o
                0x000000008000ac54                g_core_i2c
 COMMON         0x000000008000acc0       0x10 ./main.o
                0x000000008000acc0                g_gpio
                0x000000008000acc8                g_uart
 COMMON         0x000000008000acd0       0x21 c:/microsemi/softconsole_v6.2/riscv-unknown-elf-gcc/bin/../lib/gcc/riscv64-unknown-elf/8.2.0/../../../../riscv64-unknown-elf/lib/rv32im/ilp32\libc.a(lib_a-lock.o)
                0x000000008000acd0                __lock___atexit_recursive_mutex
                0x000000008000acd4                __lock___arc4random_mutex
                0x000000008000acd8                __lock___env_recursive_mutex
                0x000000008000acdc                __lock___sinit_recursive_mutex
                0x000000008000ace0                __lock___malloc_recursive_mutex
                0x000000008000ace4                __lock___at_quick_exit_mutex
                0x000000008000ace8                __lock___dd_hash_mutex
                0x000000008000acec                __lock___tz_mutex
                0x000000008000acf0                __lock___sfp_recursive_mutex
                0x000000008000ad00                . = ALIGN (0x10)
 *fill*         0x000000008000acf1        0xf 
                0x000000008000ad00                __bss_end = .
                0x000000008000ad00                _end = .

.heap           0x000000008000ad00      0x800
                0x000000008000ad00                __heap_start = .
                0x000000008000b500                . = (. + HEAP_SIZE)
 *fill*         0x000000008000ad00      0x800 
                0x000000008000b500                __heap_end = .
                0x000000008000b500                . = ALIGN (0x10)
                0x000000008000b500                _heap_end = __heap_end

.stack          0x000000008000b500      0x800
                0x000000008000b500                __stack_bottom = .
                0x000000008000bd00                . = (. + STACK_SIZE)
 *fill*         0x000000008000b500      0x800 
                0x000000008000bd00                __stack_top = .
OUTPUT(NASA_RISC-V_TMR_TEST_PROG.elf elf32-littleriscv)

.debug_info     0x0000000000000000     0xbbc3
 .debug_info    0x0000000000000000      0x604 ./user_handler_files/user_handler.o
 .debug_info    0x0000000000000604      0x5e0 ./uart_test_files/uart_test_routine.o
 .debug_info    0x0000000000000be4     0x1250 ./spi_test_files/spi_test_prog.o
 .debug_info    0x0000000000001e34       0x26 ./riscv_hal/entry.o
 .debug_info    0x0000000000001e5a      0xbc3 ./riscv_hal/init.o
 .debug_info    0x0000000000002a1d     0x1168 ./riscv_hal/riscv_hal.o
 .debug_info    0x0000000000003b85      0x46e ./riscv_hal/riscv_hal_stubs.o
 .debug_info    0x0000000000003ff3     0x1222 ./riscv_hal/syscall.o
 .debug_info    0x0000000000005215      0xf85 ./lcd_test_files/lcd_test.o
 .debug_info    0x000000000000619a      0xaf8 ./i2c_test_files/i2c_test_routine.o
 .debug_info    0x0000000000006c92      0x1af ./hal/hal_irq.o
 .debug_info    0x0000000000006e41       0x26 ./hal/hw_reg_access.o
 .debug_info    0x0000000000006e67      0x3b1 ./drivers/CoreUARTapb/core_uart_apb.o
 .debug_info    0x0000000000007218     0x114c ./drivers/CoreSPI/core_spi.o
 .debug_info    0x0000000000008364     0x167a ./drivers/CoreI2C/core_i2c.o
 .debug_info    0x00000000000099de      0x41a ./drivers/CoreI2C/i2c_interrupt.o
 .debug_info    0x0000000000009df8      0x6d6 ./drivers/CoreGPIO/core_gpio.o
 .debug_info    0x000000000000a4ce      0x3b5 ./GPIO_test_files/gpio_test_routine.o
 .debug_info    0x000000000000a883     0x1340 ./main.o

.debug_abbrev   0x0000000000000000     0x254f
 .debug_abbrev  0x0000000000000000      0x1c7 ./user_handler_files/user_handler.o
 .debug_abbrev  0x00000000000001c7      0x1d2 ./uart_test_files/uart_test_routine.o
 .debug_abbrev  0x0000000000000399      0x2cd ./spi_test_files/spi_test_prog.o
 .debug_abbrev  0x0000000000000666       0x14 ./riscv_hal/entry.o
 .debug_abbrev  0x000000000000067a      0x27b ./riscv_hal/init.o
 .debug_abbrev  0x00000000000008f5      0x330 ./riscv_hal/riscv_hal.o
 .debug_abbrev  0x0000000000000c25       0xfe ./riscv_hal/riscv_hal_stubs.o
 .debug_abbrev  0x0000000000000d23      0x2f8 ./riscv_hal/syscall.o
 .debug_abbrev  0x000000000000101b      0x2af ./lcd_test_files/lcd_test.o
 .debug_abbrev  0x00000000000012ca      0x2fb ./i2c_test_files/i2c_test_routine.o
 .debug_abbrev  0x00000000000015c5      0x124 ./hal/hal_irq.o
 .debug_abbrev  0x00000000000016e9       0x14 ./hal/hw_reg_access.o
 .debug_abbrev  0x00000000000016fd      0x15a ./drivers/CoreUARTapb/core_uart_apb.o
 .debug_abbrev  0x0000000000001857      0x2c7 ./drivers/CoreSPI/core_spi.o
 .debug_abbrev  0x0000000000001b1e      0x312 ./drivers/CoreI2C/core_i2c.o
 .debug_abbrev  0x0000000000001e30      0x17c ./drivers/CoreI2C/i2c_interrupt.o
 .debug_abbrev  0x0000000000001fac      0x1c3 ./drivers/CoreGPIO/core_gpio.o
 .debug_abbrev  0x000000000000216f      0x11b ./GPIO_test_files/gpio_test_routine.o
 .debug_abbrev  0x000000000000228a      0x2c5 ./main.o

.debug_aranges  0x0000000000000000      0x898
 .debug_aranges
                0x0000000000000000       0x90 ./user_handler_files/user_handler.o
 .debug_aranges
                0x0000000000000090       0x58 ./uart_test_files/uart_test_routine.o
 .debug_aranges
                0x00000000000000e8       0xb0 ./spi_test_files/spi_test_prog.o
 .debug_aranges
                0x0000000000000198       0x20 ./riscv_hal/entry.o
 .debug_aranges
                0x00000000000001b8       0x38 ./riscv_hal/init.o
 .debug_aranges
                0x00000000000001f0       0x68 ./riscv_hal/riscv_hal.o
 .debug_aranges
                0x0000000000000258      0x128 ./riscv_hal/riscv_hal_stubs.o
 .debug_aranges
                0x0000000000000380       0xc0 ./riscv_hal/syscall.o
 .debug_aranges
                0x0000000000000440       0x38 ./lcd_test_files/lcd_test.o
 .debug_aranges
                0x0000000000000478       0x90 ./i2c_test_files/i2c_test_routine.o
 .debug_aranges
                0x0000000000000508       0x30 ./hal/hal_irq.o
 .debug_aranges
                0x0000000000000538       0x20 ./hal/hw_reg_access.o
 .debug_aranges
                0x0000000000000558       0x48 ./drivers/CoreUARTapb/core_uart_apb.o
 .debug_aranges
                0x00000000000005a0       0xa8 ./drivers/CoreSPI/core_spi.o
 .debug_aranges
                0x0000000000000648      0x110 ./drivers/CoreI2C/core_i2c.o
 .debug_aranges
                0x0000000000000758       0x28 ./drivers/CoreI2C/i2c_interrupt.o
 .debug_aranges
                0x0000000000000780       0x78 ./drivers/CoreGPIO/core_gpio.o
 .debug_aranges
                0x00000000000007f8       0x58 ./GPIO_test_files/gpio_test_routine.o
 .debug_aranges
                0x0000000000000850       0x48 ./main.o

.debug_ranges   0x0000000000000000      0x748
 .debug_ranges  0x0000000000000000       0x80 ./user_handler_files/user_handler.o
 .debug_ranges  0x0000000000000080       0x48 ./uart_test_files/uart_test_routine.o
 .debug_ranges  0x00000000000000c8       0xa0 ./spi_test_files/spi_test_prog.o
 .debug_ranges  0x0000000000000168       0x28 ./riscv_hal/init.o
 .debug_ranges  0x0000000000000190       0x58 ./riscv_hal/riscv_hal.o
 .debug_ranges  0x00000000000001e8      0x118 ./riscv_hal/riscv_hal_stubs.o
 .debug_ranges  0x0000000000000300       0xb0 ./riscv_hal/syscall.o
 .debug_ranges  0x00000000000003b0       0x28 ./lcd_test_files/lcd_test.o
 .debug_ranges  0x00000000000003d8       0x80 ./i2c_test_files/i2c_test_routine.o
 .debug_ranges  0x0000000000000458       0x20 ./hal/hal_irq.o
 .debug_ranges  0x0000000000000478       0x38 ./drivers/CoreUARTapb/core_uart_apb.o
 .debug_ranges  0x00000000000004b0       0x98 ./drivers/CoreSPI/core_spi.o
 .debug_ranges  0x0000000000000548      0x100 ./drivers/CoreI2C/core_i2c.o
 .debug_ranges  0x0000000000000648       0x18 ./drivers/CoreI2C/i2c_interrupt.o
 .debug_ranges  0x0000000000000660       0x68 ./drivers/CoreGPIO/core_gpio.o
 .debug_ranges  0x00000000000006c8       0x48 ./GPIO_test_files/gpio_test_routine.o
 .debug_ranges  0x0000000000000710       0x38 ./main.o

.debug_macro    0x0000000000000000     0x4cac
 .debug_macro   0x0000000000000000       0x95 ./user_handler_files/user_handler.o
 .debug_macro   0x0000000000000095      0x742 ./user_handler_files/user_handler.o
 .debug_macro   0x00000000000007d7       0x22 ./user_handler_files/user_handler.o
 .debug_macro   0x00000000000007f9       0x8e ./user_handler_files/user_handler.o
 .debug_macro   0x0000000000000887       0x51 ./user_handler_files/user_handler.o
 .debug_macro   0x00000000000008d8       0xef ./user_handler_files/user_handler.o
 .debug_macro   0x00000000000009c7       0x6a ./user_handler_files/user_handler.o
 .debug_macro   0x0000000000000a31      0x1df ./user_handler_files/user_handler.o
 .debug_macro   0x0000000000000c10       0x40 ./user_handler_files/user_handler.o
 .debug_macro   0x0000000000000c50       0x16 ./user_handler_files/user_handler.o
 .debug_macro   0x0000000000000c66       0xef ./uart_test_files/uart_test_routine.o
 .debug_macro   0x0000000000000d55       0x64 ./uart_test_files/uart_test_routine.o
 .debug_macro   0x0000000000000db9       0x52 ./uart_test_files/uart_test_routine.o
 .debug_macro   0x0000000000000e0b      0x2dc ./uart_test_files/uart_test_routine.o
 .debug_macro   0x00000000000010e7       0x28 ./uart_test_files/uart_test_routine.o
 .debug_macro   0x000000000000110f       0x10 ./uart_test_files/uart_test_routine.o
 .debug_macro   0x000000000000111f       0x4c ./uart_test_files/uart_test_routine.o
 .debug_macro   0x000000000000116b      0x1b8 ./spi_test_files/spi_test_prog.o
 .debug_macro   0x0000000000001323       0x58 ./spi_test_files/spi_test_prog.o
 .debug_macro   0x000000000000137b       0x19 ./spi_test_files/spi_test_prog.o
 .debug_macro   0x0000000000001394       0x34 ./spi_test_files/spi_test_prog.o
 .debug_macro   0x00000000000013c8       0x34 ./spi_test_files/spi_test_prog.o
 .debug_macro   0x00000000000013fc      0x174 ./spi_test_files/spi_test_prog.o
 .debug_macro   0x0000000000001570       0x58 ./spi_test_files/spi_test_prog.o
 .debug_macro   0x00000000000015c8       0x1f ./spi_test_files/spi_test_prog.o
 .debug_macro   0x00000000000015e7       0x43 ./spi_test_files/spi_test_prog.o
 .debug_macro   0x000000000000162a       0x20 ./spi_test_files/spi_test_prog.o
 .debug_macro   0x000000000000164a      0x18e ./spi_test_files/spi_test_prog.o
 .debug_macro   0x00000000000017d8      0x330 ./spi_test_files/spi_test_prog.o
 .debug_macro   0x0000000000001b08       0x10 ./spi_test_files/spi_test_prog.o
 .debug_macro   0x0000000000001b18       0x35 ./spi_test_files/spi_test_prog.o
 .debug_macro   0x0000000000001b4d       0x16 ./spi_test_files/spi_test_prog.o
 .debug_macro   0x0000000000001b63       0x16 ./spi_test_files/spi_test_prog.o
 .debug_macro   0x0000000000001b79       0x29 ./spi_test_files/spi_test_prog.o
 .debug_macro   0x0000000000001ba2       0x12 ./spi_test_files/spi_test_prog.o
 .debug_macro   0x0000000000001bb4      0x203 ./riscv_hal/init.o
 .debug_macro   0x0000000000001db7      0x10e ./riscv_hal/init.o
 .debug_macro   0x0000000000001ec5       0x8d ./riscv_hal/init.o
 .debug_macro   0x0000000000001f52       0x16 ./riscv_hal/init.o
 .debug_macro   0x0000000000001f68       0x10 ./riscv_hal/init.o
 .debug_macro   0x0000000000001f78       0x1c ./riscv_hal/init.o
 .debug_macro   0x0000000000001f94       0x52 ./riscv_hal/init.o
 .debug_macro   0x0000000000001fe6       0x40 ./riscv_hal/init.o
 .debug_macro   0x0000000000002026       0x10 ./riscv_hal/init.o
 .debug_macro   0x0000000000002036       0x40 ./riscv_hal/init.o
 .debug_macro   0x0000000000002076       0xd7 ./riscv_hal/init.o
 .debug_macro   0x000000000000214d       0x1c ./riscv_hal/init.o
 .debug_macro   0x0000000000002169       0x3d ./riscv_hal/init.o
 .debug_macro   0x00000000000021a6      0x51a ./riscv_hal/init.o
 .debug_macro   0x00000000000026c0      0x233 ./riscv_hal/riscv_hal.o
 .debug_macro   0x00000000000028f3      0x1b5 ./riscv_hal/riscv_hal_stubs.o
 .debug_macro   0x0000000000002aa8       0x10 ./riscv_hal/riscv_hal_stubs.o
 .debug_macro   0x0000000000002ab8       0xcf ./riscv_hal/riscv_hal_stubs.o
 .debug_macro   0x0000000000002b87       0xbe ./riscv_hal/riscv_hal_stubs.o
 .debug_macro   0x0000000000002c45      0x2c2 ./riscv_hal/syscall.o
 .debug_macro   0x0000000000002f07       0x10 ./riscv_hal/syscall.o
 .debug_macro   0x0000000000002f17      0x241 ./riscv_hal/syscall.o
 .debug_macro   0x0000000000003158       0x16 ./riscv_hal/syscall.o
 .debug_macro   0x000000000000316e       0x10 ./riscv_hal/syscall.o
 .debug_macro   0x000000000000317e       0x10 ./riscv_hal/syscall.o
 .debug_macro   0x000000000000318e       0x35 ./riscv_hal/syscall.o
 .debug_macro   0x00000000000031c3      0x122 ./riscv_hal/syscall.o
 .debug_macro   0x00000000000032e5       0x1c ./riscv_hal/syscall.o
 .debug_macro   0x0000000000003301       0x10 ./riscv_hal/syscall.o
 .debug_macro   0x0000000000003311       0x10 ./riscv_hal/syscall.o
 .debug_macro   0x0000000000003321       0x16 ./riscv_hal/syscall.o
 .debug_macro   0x0000000000003337      0x15a ./riscv_hal/syscall.o
 .debug_macro   0x0000000000003491       0x16 ./riscv_hal/syscall.o
 .debug_macro   0x00000000000034a7      0x28e ./lcd_test_files/lcd_test.o
 .debug_macro   0x0000000000003735       0x10 ./lcd_test_files/lcd_test.o
 .debug_macro   0x0000000000003745      0x11c ./lcd_test_files/lcd_test.o
 .debug_macro   0x0000000000003861       0x19 ./lcd_test_files/lcd_test.o
 .debug_macro   0x000000000000387a      0x105 ./i2c_test_files/i2c_test_routine.o
 .debug_macro   0x000000000000397f       0x35 ./i2c_test_files/i2c_test_routine.o
 .debug_macro   0x00000000000039b4       0x22 ./i2c_test_files/i2c_test_routine.o
 .debug_macro   0x00000000000039d6       0x52 ./i2c_test_files/i2c_test_routine.o
 .debug_macro   0x0000000000003a28       0xcf ./hal/hal_irq.o
 .debug_macro   0x0000000000003af7       0xf4 ./drivers/CoreUARTapb/core_uart_apb.o
 .debug_macro   0x0000000000003beb      0x106 ./drivers/CoreUARTapb/core_uart_apb.o
 .debug_macro   0x0000000000003cf1       0x16 ./drivers/CoreUARTapb/core_uart_apb.o
 .debug_macro   0x0000000000003d07      0x1d2 ./drivers/CoreSPI/core_spi.o
 .debug_macro   0x0000000000003ed9      0x3ec ./drivers/CoreSPI/core_spi.o
 .debug_macro   0x00000000000042c5      0x28b ./drivers/CoreI2C/core_i2c.o
 .debug_macro   0x0000000000004550      0x1c1 ./drivers/CoreI2C/core_i2c.o
 .debug_macro   0x0000000000004711       0x3c ./drivers/CoreI2C/core_i2c.o
 .debug_macro   0x000000000000474d       0xc6 ./drivers/CoreI2C/i2c_interrupt.o
 .debug_macro   0x0000000000004813       0xf1 ./drivers/CoreGPIO/core_gpio.o
 .debug_macro   0x0000000000004904       0x64 ./drivers/CoreGPIO/core_gpio.o
 .debug_macro   0x0000000000004968      0x108 ./GPIO_test_files/gpio_test_routine.o
 .debug_macro   0x0000000000004a70      0x220 ./main.o
 .debug_macro   0x0000000000004c90       0x1c ./main.o

.debug_line     0x0000000000000000     0xba87
 .debug_line    0x0000000000000000      0xf33 ./user_handler_files/user_handler.o
 .debug_line    0x0000000000000f33      0x9ab ./uart_test_files/uart_test_routine.o
 .debug_line    0x00000000000018de     0x1391 ./spi_test_files/spi_test_prog.o
 .debug_line    0x0000000000002c6f      0x237 ./riscv_hal/entry.o
 .debug_line    0x0000000000002ea6      0x55b ./riscv_hal/init.o
 .debug_line    0x0000000000003401      0x869 ./riscv_hal/riscv_hal.o
 .debug_line    0x0000000000003c6a      0x8c7 ./riscv_hal/riscv_hal_stubs.o
 .debug_line    0x0000000000004531      0x92b ./riscv_hal/syscall.o
 .debug_line    0x0000000000004e5c      0x94f ./lcd_test_files/lcd_test.o
 .debug_line    0x00000000000057ab      0xb27 ./i2c_test_files/i2c_test_routine.o
 .debug_line    0x00000000000062d2      0x43f ./hal/hal_irq.o
 .debug_line    0x0000000000006711      0x185 ./hal/hw_reg_access.o
 .debug_line    0x0000000000006896      0x70a ./drivers/CoreUARTapb/core_uart_apb.o
 .debug_line    0x0000000000006fa0     0x1428 ./drivers/CoreSPI/core_spi.o
 .debug_line    0x00000000000083c8     0x14d0 ./drivers/CoreI2C/core_i2c.o
 .debug_line    0x0000000000009898      0x3a9 ./drivers/CoreI2C/i2c_interrupt.o
 .debug_line    0x0000000000009c41      0xb96 ./drivers/CoreGPIO/core_gpio.o
 .debug_line    0x000000000000a7d7      0x868 ./GPIO_test_files/gpio_test_routine.o
 .debug_line    0x000000000000b03f      0xa48 ./main.o

.debug_str      0x0000000000000000     0xf4e6
 .debug_str     0x0000000000000000     0x3671 ./user_handler_files/user_handler.o
                                       0x3841 (size before relaxing)
 .debug_str     0x0000000000003671     0x1d11 ./uart_test_files/uart_test_routine.o
                                       0x52bf (size before relaxing)
 .debug_str     0x0000000000005382     0x3443 ./spi_test_files/spi_test_prog.o
                                       0x6cf4 (size before relaxing)
 .debug_str     0x00000000000087c5       0x21 ./riscv_hal/entry.o
                                         0x6a (size before relaxing)
 .debug_str     0x00000000000087e6     0x1c6c ./riscv_hal/init.o
                                       0x9021 (size before relaxing)
 .debug_str     0x000000000000a452      0x19f ./riscv_hal/riscv_hal.o
                                       0x94bd (size before relaxing)
 .debug_str     0x000000000000a5f1      0x316 ./riscv_hal/riscv_hal_stubs.o
                                       0x71c6 (size before relaxing)
 .debug_str     0x000000000000a907     0x1252 ./riscv_hal/syscall.o
                                       0xa25b (size before relaxing)
 .debug_str     0x000000000000bb59      0x59a ./lcd_test_files/lcd_test.o
                                       0x7cf4 (size before relaxing)
 .debug_str     0x000000000000c0f3      0x4af ./i2c_test_files/i2c_test_routine.o
                                       0x57f3 (size before relaxing)
 .debug_str     0x000000000000c5a2       0x65 ./hal/hal_irq.o
                                       0x4c83 (size before relaxing)
 .debug_str     0x000000000000c607       0x17 ./hal/hw_reg_access.o
                                         0x6c (size before relaxing)
 .debug_str     0x000000000000c61e      0x6e5 ./drivers/CoreUARTapb/core_uart_apb.o
                                       0x43a6 (size before relaxing)
 .debug_str     0x000000000000cd03     0x134f ./drivers/CoreSPI/core_spi.o
                                       0x81a8 (size before relaxing)
 .debug_str     0x000000000000e052      0xd36 ./drivers/CoreI2C/core_i2c.o
                                       0x7cf6 (size before relaxing)
 .debug_str     0x000000000000ed88       0x42 ./drivers/CoreI2C/i2c_interrupt.o
                                       0x4015 (size before relaxing)
 .debug_str     0x000000000000edca      0x4f6 ./drivers/CoreGPIO/core_gpio.o
                                       0x46d4 (size before relaxing)
 .debug_str     0x000000000000f2c0       0xf6 ./GPIO_test_files/gpio_test_routine.o
                                       0x560e (size before relaxing)
 .debug_str     0x000000000000f3b6      0x130 ./main.o
                                       0x8556 (size before relaxing)

.comment        0x0000000000000000       0x43
 .comment       0x0000000000000000       0x43 ./user_handler_files/user_handler.o
                                         0x44 (size before relaxing)
 .comment       0x0000000000000043       0x44 ./uart_test_files/uart_test_routine.o
 .comment       0x0000000000000043       0x44 ./spi_test_files/spi_test_prog.o
 .comment       0x0000000000000043       0x44 ./riscv_hal/init.o
 .comment       0x0000000000000043       0x44 ./riscv_hal/riscv_hal.o
 .comment       0x0000000000000043       0x44 ./riscv_hal/riscv_hal_stubs.o
 .comment       0x0000000000000043       0x44 ./riscv_hal/syscall.o
 .comment       0x0000000000000043       0x44 ./lcd_test_files/lcd_test.o
 .comment       0x0000000000000043       0x44 ./i2c_test_files/i2c_test_routine.o
 .comment       0x0000000000000043       0x44 ./hal/hal_irq.o
 .comment       0x0000000000000043       0x44 ./drivers/CoreUARTapb/core_uart_apb.o
 .comment       0x0000000000000043       0x44 ./drivers/CoreSPI/core_spi.o
 .comment       0x0000000000000043       0x44 ./drivers/CoreI2C/core_i2c.o
 .comment       0x0000000000000043       0x44 ./drivers/CoreI2C/i2c_interrupt.o
 .comment       0x0000000000000043       0x44 ./drivers/CoreGPIO/core_gpio.o
 .comment       0x0000000000000043       0x44 ./GPIO_test_files/gpio_test_routine.o
 .comment       0x0000000000000043       0x44 ./main.o

.riscv.attributes
                0x0000000000000000       0x1f
 .riscv.attributes
                0x0000000000000000       0x1f ./user_handler_files/user_handler.o
 .riscv.attributes
                0x000000000000001f       0x1f ./uart_test_files/uart_test_routine.o
 .riscv.attributes
                0x000000000000003e       0x1f ./spi_test_files/spi_test_prog.o
 .riscv.attributes
                0x000000000000005d       0x1f ./riscv_hal/entry.o
 .riscv.attributes
                0x000000000000007c       0x1f ./riscv_hal/init.o
 .riscv.attributes
                0x000000000000009b       0x1f ./riscv_hal/riscv_hal.o
 .riscv.attributes
                0x00000000000000ba       0x1f ./riscv_hal/riscv_hal_stubs.o
 .riscv.attributes
                0x00000000000000d9       0x1f ./riscv_hal/syscall.o
 .riscv.attributes
                0x00000000000000f8       0x1f ./lcd_test_files/lcd_test.o
 .riscv.attributes
                0x0000000000000117       0x1f ./i2c_test_files/i2c_test_routine.o
 .riscv.attributes
                0x0000000000000136       0x1f ./hal/hal_irq.o
 .riscv.attributes
                0x0000000000000155       0x1f ./hal/hw_reg_access.o
 .riscv.attributes
                0x0000000000000174       0x1f ./drivers/CoreUARTapb/core_uart_apb.o
 .riscv.attributes
                0x0000000000000193       0x1f ./drivers/CoreSPI/core_spi.o
 .riscv.attributes
                0x00000000000001b2       0x1f ./drivers/CoreI2C/core_i2c.o
 .riscv.attributes
                0x00000000000001d1       0x1f ./drivers/CoreI2C/i2c_interrupt.o
 .riscv.attributes
                0x00000000000001f0       0x1f ./drivers/CoreGPIO/core_gpio.o
 .riscv.attributes
                0x000000000000020f       0x1f ./GPIO_test_files/gpio_test_routine.o
 .riscv.attributes
                0x000000000000022e       0x1f ./main.o
 .riscv.attributes
                0x000000000000024d       0x1f c:/microsemi/softconsole_v6.2/riscv-unknown-elf-gcc/bin/../lib/gcc/riscv64-unknown-elf/8.2.0/../../../../riscv64-unknown-elf/lib/rv32im/ilp32\libc.a(lib_a-malloc.o)
 .riscv.attributes
                0x000000000000026c       0x1f c:/microsemi/softconsole_v6.2/riscv-unknown-elf-gcc/bin/../lib/gcc/riscv64-unknown-elf/8.2.0/../../../../riscv64-unknown-elf/lib/rv32im/ilp32\libc.a(lib_a-mallocr.o)
 .riscv.attributes
                0x000000000000028b       0x1f c:/microsemi/softconsole_v6.2/riscv-unknown-elf-gcc/bin/../lib/gcc/riscv64-unknown-elf/8.2.0/../../../../riscv64-unknown-elf/lib/rv32im/ilp32\libc.a(lib_a-memset.o)
 .riscv.attributes
                0x00000000000002aa       0x1f c:/microsemi/softconsole_v6.2/riscv-unknown-elf-gcc/bin/../lib/gcc/riscv64-unknown-elf/8.2.0/../../../../riscv64-unknown-elf/lib/rv32im/ilp32\libc.a(lib_a-mlock.o)
 .riscv.attributes
                0x00000000000002c9       0x1f c:/microsemi/softconsole_v6.2/riscv-unknown-elf-gcc/bin/../lib/gcc/riscv64-unknown-elf/8.2.0/../../../../riscv64-unknown-elf/lib/rv32im/ilp32\libc.a(lib_a-sbrkr.o)
 .riscv.attributes
                0x00000000000002e8       0x1f c:/microsemi/softconsole_v6.2/riscv-unknown-elf-gcc/bin/../lib/gcc/riscv64-unknown-elf/8.2.0/../../../../riscv64-unknown-elf/lib/rv32im/ilp32\libc.a(lib_a-freer.o)
 .riscv.attributes
                0x0000000000000307       0x1f c:/microsemi/softconsole_v6.2/riscv-unknown-elf-gcc/bin/../lib/gcc/riscv64-unknown-elf/8.2.0/../../../../riscv64-unknown-elf/lib/rv32im/ilp32\libc.a(lib_a-impure.o)
 .riscv.attributes
                0x0000000000000326       0x1f c:/microsemi/softconsole_v6.2/riscv-unknown-elf-gcc/bin/../lib/gcc/riscv64-unknown-elf/8.2.0/../../../../riscv64-unknown-elf/lib/rv32im/ilp32\libc.a(lib_a-lock.o)
 .riscv.attributes
                0x0000000000000345       0x1f c:/microsemi/softconsole_v6.2/riscv-unknown-elf-gcc/bin/../lib/gcc/riscv64-unknown-elf/8.2.0/../../../../riscv64-unknown-elf/lib/rv32im/ilp32\libgloss.a(nanosleep.o)

.debug_frame    0x0000000000000000     0x2190
 .debug_frame   0x0000000000000000      0x234 ./user_handler_files/user_handler.o
 .debug_frame   0x0000000000000234      0x128 ./uart_test_files/uart_test_routine.o
 .debug_frame   0x000000000000035c      0x2e8 ./spi_test_files/spi_test_prog.o
 .debug_frame   0x0000000000000644       0x94 ./riscv_hal/init.o
 .debug_frame   0x00000000000006d8      0x164 ./riscv_hal/riscv_hal.o
 .debug_frame   0x000000000000083c      0x44c ./riscv_hal/riscv_hal_stubs.o
 .debug_frame   0x0000000000000c88      0x2ec ./riscv_hal/syscall.o
 .debug_frame   0x0000000000000f74       0xac ./lcd_test_files/lcd_test.o
 .debug_frame   0x0000000000001020      0x220 ./i2c_test_files/i2c_test_routine.o
 .debug_frame   0x0000000000001240       0x78 ./hal/hal_irq.o
 .debug_frame   0x00000000000012b8       0xf0 ./drivers/CoreUARTapb/core_uart_apb.o
 .debug_frame   0x00000000000013a8      0x2b8 ./drivers/CoreSPI/core_spi.o
 .debug_frame   0x0000000000001660      0x478 ./drivers/CoreI2C/core_i2c.o
 .debug_frame   0x0000000000001ad8       0x50 ./drivers/CoreI2C/i2c_interrupt.o
 .debug_frame   0x0000000000001b28      0x1e4 ./drivers/CoreGPIO/core_gpio.o
 .debug_frame   0x0000000000001d0c      0x13c ./GPIO_test_files/gpio_test_routine.o
 .debug_frame   0x0000000000001e48       0xe8 ./main.o
 .debug_frame   0x0000000000001f30       0x30 c:/microsemi/softconsole_v6.2/riscv-unknown-elf-gcc/bin/../lib/gcc/riscv64-unknown-elf/8.2.0/../../../../riscv64-unknown-elf/lib/rv32im/ilp32\libc.a(lib_a-malloc.o)
 .debug_frame   0x0000000000001f60       0x58 c:/microsemi/softconsole_v6.2/riscv-unknown-elf-gcc/bin/../lib/gcc/riscv64-unknown-elf/8.2.0/../../../../riscv64-unknown-elf/lib/rv32im/ilp32\libc.a(lib_a-mallocr.o)
 .debug_frame   0x0000000000001fb8       0x30 c:/microsemi/softconsole_v6.2/riscv-unknown-elf-gcc/bin/../lib/gcc/riscv64-unknown-elf/8.2.0/../../../../riscv64-unknown-elf/lib/rv32im/ilp32\libc.a(lib_a-mlock.o)
 .debug_frame   0x0000000000001fe8       0x3c c:/microsemi/softconsole_v6.2/riscv-unknown-elf-gcc/bin/../lib/gcc/riscv64-unknown-elf/8.2.0/../../../../riscv64-unknown-elf/lib/rv32im/ilp32\libc.a(lib_a-sbrkr.o)
 .debug_frame   0x0000000000002024       0x9c c:/microsemi/softconsole_v6.2/riscv-unknown-elf-gcc/bin/../lib/gcc/riscv64-unknown-elf/8.2.0/../../../../riscv64-unknown-elf/lib/rv32im/ilp32\libc.a(lib_a-freer.o)
 .debug_frame   0x00000000000020c0       0xb0 c:/microsemi/softconsole_v6.2/riscv-unknown-elf-gcc/bin/../lib/gcc/riscv64-unknown-elf/8.2.0/../../../../riscv64-unknown-elf/lib/rv32im/ilp32\libc.a(lib_a-lock.o)
 .debug_frame   0x0000000000002170       0x20 c:/microsemi/softconsole_v6.2/riscv-unknown-elf-gcc/bin/../lib/gcc/riscv64-unknown-elf/8.2.0/../../../../riscv64-unknown-elf/lib/rv32im/ilp32\libgloss.a(nanosleep.o)
